Running tests ...
[1A[KRunning 36 tests in 1 runtime ...
[1A[K[1m[32m36 tests, 42 assertions, 1 runtime ... OK[0m
